
Memory Configuration

Name             Origin             Length             Attributes
FLASH            0x08000000         0x00020000         xr
SRAM             0x20000000         0x00004000         xrw
*default*        0x00000000         0xffffffff

Linker script and memory map

LOAD main.o
LOAD stm32_startup.o

.text           0x08000000      0x1bc
 *(.vector_table)
 .vector_table  0x08000000       0xa0 stm32_startup.o
                0x08000000                vector_table
 *(.text)
 .text          0x080000a0       0x88 main.o
                0x080000a0                main
                0x080000c8                GPIOA_Init
                0x0800010c                toggle_led
 .text          0x08000128       0x94 stm32_startup.o
                0x08000128                Reset_Handler
                0x080001b4                FLASH_Handler
                0x080001b4                EXTI2_3_Handler
                0x080001b4                SVCall_Handler
                0x080001b4                USART3_4_5_6_Handler
                0x080001b4                HardFault_Handler
                0x080001b4                SysTick_Handler
                0x080001b4                I2C1_Handler
                0x080001b4                PendSV_Handler
                0x080001b4                NMI_Handler
                0x080001b4                ADC_Handler
                0x080001b4                WWDG_Handler
                0x080001b4                RTC_Handler
                0x080001b4                TIM1_CC_Handler
                0x080001b4                EXTI4_15_Handler
                0x080001b4                DMA_CH4_5_Handler
                0x080001b4                USB_Handler
                0x080001b4                USART1_Handler
                0x080001b4                TIM3_Handler
                0x080001b4                Default_Handler
                0x080001b4                TIM17_Handler
                0x080001b4                EXTI0_1_Handler
                0x080001b4                DMA_CH1_Handler
                0x080001b4                SPI2_Handler
                0x080001b4                DMA_CH2_3_Handler
                0x080001b4                TIM16_Handler
                0x080001b4                I2C2_Handler
                0x080001b4                TIM14_Handler
                0x080001b4                USART2_Handler
                0x080001b4                SPI1_Handler
                0x080001b4                RCC_Handler
                0x080001b4                TIM15_Handler
                0x080001b4                TIM1_BRK_UP_TRG_COM_Handler
                0x080001b4                TIM6_Handler
 *(.rodata)
                0x080001bc                . = ALIGN (0x4)
                0x080001bc                _etext = .

.glue_7         0x080001bc        0x0
 .glue_7        0x080001bc        0x0 linker stubs

.glue_7t        0x080001bc        0x0
 .glue_7t       0x080001bc        0x0 linker stubs

.vfp11_veneer   0x080001bc        0x0
 .vfp11_veneer  0x080001bc        0x0 linker stubs

.v4_bx          0x080001bc        0x0
 .v4_bx         0x080001bc        0x0 linker stubs

.iplt           0x080001bc        0x0
 .iplt          0x080001bc        0x0 main.o

.rel.dyn        0x080001bc        0x0
 .rel.iplt      0x080001bc        0x0 main.o

.data           0x20000000        0x0 load address 0x080001bc
                0x20000000                _sdata = .
 *(.data)
 .data          0x20000000        0x0 main.o
 .data          0x20000000        0x0 stm32_startup.o
                0x20000000                . = ALIGN (0x4)
                0x20000000                _edata = .

.igot.plt       0x20000000        0x0 load address 0x080001bc
 .igot.plt      0x20000000        0x0 main.o

.bss            0x20000000        0x0 load address 0x080001bc
                0x20000000                _sbss = .
 *(.bss)
 .bss           0x20000000        0x0 main.o
 .bss           0x20000000        0x0 stm32_startup.o
                0x20000000                . = ALIGN (0x4)
                0x20000000                _ebss = .
OUTPUT(final.elf elf32-littlearm)
LOAD linker stubs

.comment        0x00000000       0x45
 .comment       0x00000000       0x45 main.o
                                 0x46 (size before relaxing)
 .comment       0x00000045       0x46 stm32_startup.o

.ARM.attributes
                0x00000000       0x2c
 .ARM.attributes
                0x00000000       0x2c main.o
 .ARM.attributes
                0x0000002c       0x2c stm32_startup.o
