Archive member included to satisfy reference by file (symbol)

c:/program files (x86)/arm gnu toolchain arm-none-eabi/12.2 rel1/bin/../lib/gcc/arm-none-eabi/12.2.1/thumb/v6-m/nofp\libgcc.a(_udivsi3.o)
                              main.o (__aeabi_uidiv)
c:/program files (x86)/arm gnu toolchain arm-none-eabi/12.2 rel1/bin/../lib/gcc/arm-none-eabi/12.2.1/thumb/v6-m/nofp\libgcc.a(_dvmd_tls.o)
                              c:/program files (x86)/arm gnu toolchain arm-none-eabi/12.2 rel1/bin/../lib/gcc/arm-none-eabi/12.2.1/thumb/v6-m/nofp\libgcc.a(_udivsi3.o) (__aeabi_idiv0)
c:/program files (x86)/arm gnu toolchain arm-none-eabi/12.2 rel1/bin/../lib/gcc/arm-none-eabi/12.2.1/thumb/v6-m/nofp\libgcc.a(_arm_cmpsf2.o)
                              main.o (__aeabi_fcmplt)
c:/program files (x86)/arm gnu toolchain arm-none-eabi/12.2 rel1/bin/../lib/gcc/arm-none-eabi/12.2.1/thumb/v6-m/nofp\libgcc.a(addsf3.o)
                              main.o (__aeabi_fadd)
c:/program files (x86)/arm gnu toolchain arm-none-eabi/12.2 rel1/bin/../lib/gcc/arm-none-eabi/12.2.1/thumb/v6-m/nofp\libgcc.a(eqsf2.o)
                              c:/program files (x86)/arm gnu toolchain arm-none-eabi/12.2 rel1/bin/../lib/gcc/arm-none-eabi/12.2.1/thumb/v6-m/nofp\libgcc.a(_arm_cmpsf2.o) (__eqsf2)
c:/program files (x86)/arm gnu toolchain arm-none-eabi/12.2 rel1/bin/../lib/gcc/arm-none-eabi/12.2.1/thumb/v6-m/nofp\libgcc.a(gesf2.o)
                              c:/program files (x86)/arm gnu toolchain arm-none-eabi/12.2 rel1/bin/../lib/gcc/arm-none-eabi/12.2.1/thumb/v6-m/nofp\libgcc.a(_arm_cmpsf2.o) (__gesf2)
c:/program files (x86)/arm gnu toolchain arm-none-eabi/12.2 rel1/bin/../lib/gcc/arm-none-eabi/12.2.1/thumb/v6-m/nofp\libgcc.a(lesf2.o)
                              c:/program files (x86)/arm gnu toolchain arm-none-eabi/12.2 rel1/bin/../lib/gcc/arm-none-eabi/12.2.1/thumb/v6-m/nofp\libgcc.a(_arm_cmpsf2.o) (__lesf2)
c:/program files (x86)/arm gnu toolchain arm-none-eabi/12.2 rel1/bin/../lib/gcc/arm-none-eabi/12.2.1/thumb/v6-m/nofp\libgcc.a(mulsf3.o)
                              main.o (__aeabi_fmul)
c:/program files (x86)/arm gnu toolchain arm-none-eabi/12.2 rel1/bin/../lib/gcc/arm-none-eabi/12.2.1/thumb/v6-m/nofp\libgcc.a(subsf3.o)
                              main.o (__aeabi_fsub)
c:/program files (x86)/arm gnu toolchain arm-none-eabi/12.2 rel1/bin/../lib/gcc/arm-none-eabi/12.2.1/thumb/v6-m/nofp\libgcc.a(fixsfsi.o)
                              main.o (__aeabi_f2iz)
c:/program files (x86)/arm gnu toolchain arm-none-eabi/12.2 rel1/bin/../lib/gcc/arm-none-eabi/12.2.1/thumb/v6-m/nofp\libgcc.a(floatsisf.o)
                              main.o (__aeabi_i2f)
c:/program files (x86)/arm gnu toolchain arm-none-eabi/12.2 rel1/bin/../lib/gcc/arm-none-eabi/12.2.1/thumb/v6-m/nofp\libgcc.a(divdf3.o)
                              main.o (__aeabi_ddiv)
c:/program files (x86)/arm gnu toolchain arm-none-eabi/12.2 rel1/bin/../lib/gcc/arm-none-eabi/12.2.1/thumb/v6-m/nofp\libgcc.a(muldf3.o)
                              main.o (__aeabi_dmul)
c:/program files (x86)/arm gnu toolchain arm-none-eabi/12.2 rel1/bin/../lib/gcc/arm-none-eabi/12.2.1/thumb/v6-m/nofp\libgcc.a(floatsidf.o)
                              main.o (__aeabi_i2d)
c:/program files (x86)/arm gnu toolchain arm-none-eabi/12.2 rel1/bin/../lib/gcc/arm-none-eabi/12.2.1/thumb/v6-m/nofp\libgcc.a(truncdfsf2.o)
                              main.o (__aeabi_d2f)
c:/program files (x86)/arm gnu toolchain arm-none-eabi/12.2 rel1/bin/../lib/gcc/arm-none-eabi/12.2.1/thumb/v6-m/nofp\libgcc.a(_clzsi2.o)
                              c:/program files (x86)/arm gnu toolchain arm-none-eabi/12.2 rel1/bin/../lib/gcc/arm-none-eabi/12.2.1/thumb/v6-m/nofp\libgcc.a(addsf3.o) (__clzsi2)
c:/program files (x86)/arm gnu toolchain arm-none-eabi/12.2 rel1/bin/../lib/gcc/arm-none-eabi/12.2.1/thumb/v6-m/nofp\libc_nano.a(libc_a-exit.o)
                              c:/program files (x86)/arm gnu toolchain arm-none-eabi/12.2 rel1/bin/../lib/gcc/arm-none-eabi/12.2.1/thumb/v6-m/nofp/rdimon-crt0.o (exit)
c:/program files (x86)/arm gnu toolchain arm-none-eabi/12.2 rel1/bin/../lib/gcc/arm-none-eabi/12.2.1/thumb/v6-m/nofp\libc_nano.a(libc_a-findfp.o)
                              c:/program files (x86)/arm gnu toolchain arm-none-eabi/12.2 rel1/bin/../lib/gcc/arm-none-eabi/12.2.1/thumb/v6-m/nofp\libc_nano.a(libc_a-exit.o) (__stdio_exit_handler)
c:/program files (x86)/arm gnu toolchain arm-none-eabi/12.2 rel1/bin/../lib/gcc/arm-none-eabi/12.2.1/thumb/v6-m/nofp\libc_nano.a(libc_a-fwalk.o)
                              c:/program files (x86)/arm gnu toolchain arm-none-eabi/12.2 rel1/bin/../lib/gcc/arm-none-eabi/12.2.1/thumb/v6-m/nofp\libc_nano.a(libc_a-findfp.o) (_fwalk_sglue)
c:/program files (x86)/arm gnu toolchain arm-none-eabi/12.2 rel1/bin/../lib/gcc/arm-none-eabi/12.2.1/thumb/v6-m/nofp\libc_nano.a(libc_a-printf.o)
                              main.o (printf)
[...]
Memory Configuration

Name             Origin             Length             Attributes
RAM              0x20000000         0x00004000         xrw
FLASH            0x08000000         0x00020000         xr
*default*        0x00000000         0xffffffff

Linker script and memory map

LOAD c:/program files (x86)/arm gnu toolchain arm-none-eabi/12.2 rel1/bin/../lib/gcc/arm-none-eabi/12.2.1/thumb/v6-m/nofp/crti.o
LOAD c:/program files (x86)/arm gnu toolchain arm-none-eabi/12.2 rel1/bin/../lib/gcc/arm-none-eabi/12.2.1/thumb/v6-m/nofp/crtbegin.o
LOAD c:/program files (x86)/arm gnu toolchain arm-none-eabi/12.2 rel1/bin/../lib/gcc/arm-none-eabi/12.2.1/thumb/v6-m/nofp/rdimon-crt0.o
LOAD main.o
LOAD system_stm32f0xx.o
LOAD startup_stm32f070xb.o
LOAD timer.o
LOAD i2c.o
LOAD lcd.o
LOAD systick.o
LOAD spi.o
START GROUP
LOAD c:/program files (x86)/arm gnu toolchain arm-none-eabi/12.2 rel1/bin/../lib/gcc/arm-none-eabi/12.2.1/thumb/v6-m/nofp\libgcc.a
LOAD c:/program files (x86)/arm gnu toolchain arm-none-eabi/12.2 rel1/bin/../lib/gcc/arm-none-eabi/12.2.1/thumb/v6-m/nofp\libc_nano.a
END GROUP
START GROUP
LOAD c:/program files (x86)/arm gnu toolchain arm-none-eabi/12.2 rel1/bin/../lib/gcc/arm-none-eabi/12.2.1/thumb/v6-m/nofp\libgcc.a
LOAD c:/program files (x86)/arm gnu toolchain arm-none-eabi/12.2 rel1/bin/../lib/gcc/arm-none-eabi/12.2.1/thumb/v6-m/nofp\libc_nano.a
LOAD c:/program files (x86)/arm gnu toolchain arm-none-eabi/12.2 rel1/bin/../lib/gcc/arm-none-eabi/12.2.1/thumb/v6-m/nofp\librdimon_nano.a
END GROUP
START GROUP
LOAD c:/program files (x86)/arm gnu toolchain arm-none-eabi/12.2 rel1/bin/../lib/gcc/arm-none-eabi/12.2.1/thumb/v6-m/nofp\libgcc.a
LOAD c:/program files (x86)/arm gnu toolchain arm-none-eabi/12.2 rel1/bin/../lib/gcc/arm-none-eabi/12.2.1/thumb/v6-m/nofp\libc_nano.a
LOAD c:/program files (x86)/arm gnu toolchain arm-none-eabi/12.2 rel1/bin/../lib/gcc/arm-none-eabi/12.2.1/thumb/v6-m/nofp\librdimon_nano.a
END GROUP
LOAD c:/program files (x86)/arm gnu toolchain arm-none-eabi/12.2 rel1/bin/../lib/gcc/arm-none-eabi/12.2.1/thumb/v6-m/nofp/crtend.o
LOAD c:/program files (x86)/arm gnu toolchain arm-none-eabi/12.2 rel1/bin/../lib/gcc/arm-none-eabi/12.2.1/thumb/v6-m/nofp/crtn.o
                0x20004000                _estack = (ORIGIN (RAM) + LENGTH (RAM))
                0x00000200                _Min_Heap_Size = 0x200
                0x00000400                _Min_Stack_Size = 0x400

.isr_vector     0x08000000       0xc0
                0x08000000                . = ALIGN (0x4)
 *(.isr_vector)
 .isr_vector    0x08000000       0xc0 startup_stm32f070xb.o
                0x08000000                g_pfnVectors
                0x080000c0                . = ALIGN (0x4)

.text           0x080000c0     0x43a0
                0x080000c0                . = ALIGN (0x4)
 *(.text)
 .text          0x080000c0      0x114 c:/program files (x86)/arm gnu toolchain arm-none-eabi/12.2 rel1/bin/../lib/gcc/arm-none-eabi/12.2.1/thumb/v6-m/nofp\libgcc.a(_udivsi3.o)
                0x080000c0                __aeabi_uidiv
                0x080000c0                __udivsi3
                0x080001cc                __aeabi_uidivmod
 .text          0x080001d4        0x4 c:/program files (x86)/arm gnu toolchain arm-none-eabi/12.2 rel1/bin/../lib/gcc/arm-none-eabi/12.2.1/thumb/v6-m/nofp\libgcc.a(_dvmd_tls.o)
                0x080001d4                __aeabi_idiv0
                0x080001d4                __aeabi_ldiv0
 .text          0x080001d8       0x74 c:/program files (x86)/arm gnu toolchain arm-none-eabi/12.2 rel1/bin/../lib/gcc/arm-none-eabi/12.2.1/thumb/v6-m/nofp\libgcc.a(_arm_cmpsf2.o)
                0x080001d8                __aeabi_cfrcmple
                0x080001e0                __aeabi_cfcmpeq
                0x080001e0                __aeabi_cfcmple
                0x080001f0                __aeabi_fcmpeq
                0x080001fc                __aeabi_fcmplt
                0x08000210                __aeabi_fcmple
                0x08000224                __aeabi_fcmpgt
                0x08000238                __aeabi_fcmpge
 .text          0x0800024c       0x3c c:/program files (x86)/arm gnu toolchain arm-none-eabi/12.2 rel1/bin/../lib/gcc/arm-none-eabi/12.2.1/thumb/v6-m/nofp\libgcc.a(_clzsi2.o)
                0x0800024c                __clzsi2
 .text          0x08000288       0x14 c:/program files (x86)/arm gnu toolchain arm-none-eabi/12.2 rel1/bin/../lib/gcc/arm-none-eabi/12.2.1/thumb/v6-m/nofp\libgcc.a(_thumb1_case_shi.o)
                0x08000288                __gnu_thumb1_case_shi
 .text          0x0800029c        0xe c:/program files (x86)/arm gnu toolchain arm-none-eabi/12.2 rel1/bin/../lib/gcc/arm-none-eabi/12.2.1/thumb/v6-m/nofp\libc_nano.a(libc_a-strlen.o)
                0x0800029c                strlen
 *(.text*)
 *fill*         0x080002aa        0x2 
 .text.deregister_tm_clones
                0x080002ac       0x20 c:/program files (x86)/arm gnu toolchain arm-none-eabi/12.2 rel1/bin/../lib/gcc/arm-none-eabi/12.2.1/thumb/v6-m/nofp/crtbegin.o
 .text.register_tm_clones
                0x080002cc       0x28 c:/program files (x86)/arm gnu toolchain arm-none-eabi/12.2 rel1/bin/../lib/gcc/arm-none-eabi/12.2.1/thumb/v6-m/nofp/crtbegin.o
 .text.__do_global_dtors_aux
                0x080002f4       0x2c c:/program files (x86)/arm gnu toolchain arm-none-eabi/12.2 rel1/bin/../lib/gcc/arm-none-eabi/12.2.1/thumb/v6-m/nofp/crtbegin.o
 .text.frame_dummy
                0x08000320       0x24 c:/program files (x86)/arm gnu toolchain arm-none-eabi/12.2 rel1/bin/../lib/gcc/arm-none-eabi/12.2.1/thumb/v6-m/nofp/crtbegin.o
 .text.main     0x08000344      0x44c main.o
                0x08000344                main
 .text.uint16_t_to_string
                0x08000790       0x9c main.o
                0x08000790                uint16_t_to_string
 .text.reverse_string
                0x0800082c       0xaa main.o
                0x0800082c                reverse_string
 *fill*         0x080008d6        0x2 
 .text.lcd_print_one_axis_info
                0x080008d8      0x1b0 main.o
                0x080008d8                lcd_print_one_axis_info
 .text.lcd_print_all_axes_info
                0x08000a88       0x7c main.o
                0x08000a88                lcd_print_all_axes_info
 .text.SystemInit
                0x08000b04        0xa system_stm32f0xx.o
                0x08000b04                SystemInit
 *fill*         0x08000b0e        0x2 
 .text.Reset_Handler
                0x08000b10       0x50 startup_stm32f070xb.o
                0x08000b10                Reset_Handler
 .text.Default_Handler
                0x08000b60        0x2 startup_stm32f070xb.o
                0x08000b60                TIM1_CC_IRQHandler
                0x08000b60                HardFault_Handler
                0x08000b60                TIM6_IRQHandler
                0x08000b60                SysTick_Handler
                0x08000b60                PendSV_Handler
                0x08000b60                NMI_Handler
                0x08000b60                I2C1_IRQHandler
                0x08000b60                SPI1_IRQHandler
                0x08000b60                USART3_4_IRQHandler
                0x08000b60                EXTI2_3_IRQHandler
                0x08000b60                ADC1_IRQHandler
                0x08000b60                I2C2_IRQHandler
                0x08000b60                TIM17_IRQHandler
                0x08000b60                RTC_IRQHandler
                0x08000b60                TIM16_IRQHandler
                0x08000b60                TIM3_IRQHandler
                0x08000b60                EXTI4_15_IRQHandler
                0x08000b60                RCC_IRQHandler
                0x08000b60                DMA1_Channel1_IRQHandler
                0x08000b60                Default_Handler
                0x08000b60                TIM14_IRQHandler
                0x08000b60                DMA1_Channel4_5_IRQHandler
                0x08000b60                TIM7_IRQHandler
                0x08000b60                TIM15_IRQHandler
                0x08000b60                EXTI0_1_IRQHandler
                0x08000b60                USB_IRQHandler
                0x08000b60                SPI2_IRQHandler
                0x08000b60                SVC_Handler
                0x08000b60                WWDG_IRQHandler
                0x08000b60                DMA1_Channel2_3_IRQHandler
                0x08000b60                USART2_IRQHandler
                0x08000b60                FLASH_IRQHandler
                0x08000b60                USART1_IRQHandler
                0x08000b60                TIM1_BRK_UP_TRG_COM_IRQHandler
 *fill*         0x08000b62        0x2 
 .text.TIM3_Init
                0x08000b64       0x48 timer.o
                0x08000b64                TIM3_Init
 .text.TIM3_Delay_us
                0x08000bac       0x64 timer.o
                0x08000bac                TIM3_Delay_us
 .text.TIM3_Delay_ms
                0x08000c10       0x68 timer.o
                0x08000c10                TIM3_Delay_ms
 .text.I2C1_Init
                0x08000c78      0x1c4 i2c.o
                0x08000c78                I2C1_Init
 .text.I2C1_Write
                0x08000e3c       0xc8 i2c.o
                0x08000e3c                I2C1_Write
 .text.LCD_Init
                0x08000f04       0x7c lcd.o
                0x08000f04                LCD_Init
 .text.LCD_Start_Data_Write
                0x08000f80       0x4e lcd.o
                0x08000f80                LCD_Start_Data_Write
 *fill*         0x08000fce        0x2 
 .text.LCD_Send_Instruction
                0x08000fd0      0x1a0 lcd.o
                0x08000fd0                LCD_Send_Instruction
 .text.LCD_Write_To_DDRAM
                0x08001170       0x94 lcd.o
                0x08001170                LCD_Write_To_DDRAM
 .text.LCD_API_Move_Cursor
                0x08001204       0x5c lcd.o
                0x08001204                LCD_API_Move_Cursor
 .text.LCD_API_Print_Character
                0x08001260       0x34 lcd.o
                0x08001260                LCD_API_Print_Character
 .text.LCD_API_Print_String
                0x08001294       0x50 lcd.o
                0x08001294                LCD_API_Print_String
 .text.SysTick_Init
                0x080012e4       0x34 systick.o
                0x080012e4                SysTick_Init
 .text.Systick_Delay_Ms
                0x08001318       0x54 systick.o
                0x08001318                Systick_Delay_Ms
 .text.SPI1_GPIO_Init
                0x0800136c      0x1e0 spi.o
                0x0800136c                SPI1_GPIO_Init
 .text.SPI1_Init
                0x0800154c      0x134 spi.o
                0x0800154c                SPI1_Init
 .text.SPI1_CS_Disable
                0x08001680       0x1a spi.o
                0x08001680                SPI1_CS_Disable
 .text.SPI1_CS_Enable
                0x0800169a       0x1a spi.o
                0x0800169a                SPI1_CS_Enable
 .text.SPI1_Write
                0x080016b4       0x9c spi.o
                0x080016b4                SPI1_Write
 .text.SPI1_Read
                0x08001750       0x68 spi.o
                0x08001750                SPI1_Read
 .text.__aeabi_fadd
                0x080017b8      0x304 c:/program files (x86)/arm gnu toolchain arm-none-eabi/12.2 rel1/bin/../lib/gcc/arm-none-eabi/12.2.1/thumb/v6-m/nofp\libgcc.a(addsf3.o)
                0x080017b8                __aeabi_fadd
 .text.__eqsf2  0x08001abc       0x50 c:/program files (x86)/arm gnu toolchain arm-none-eabi/12.2 rel1/bin/../lib/gcc/arm-none-eabi/12.2.1/thumb/v6-m/nofp\libgcc.a(eqsf2.o)
                0x08001abc                __eqsf2
                0x08001abc                __nesf2
 .text.__gesf2  0x08001b0c       0xa0 c:/program files (x86)/arm gnu toolchain arm-none-eabi/12.2 rel1/bin/../lib/gcc/arm-none-eabi/12.2.1/thumb/v6-m/nofp\libgcc.a(gesf2.o)
                0x08001b0c                __gesf2
                0x08001b0c                __gtsf2
 .text.__lesf2  0x08001bac       0x9c c:/program files (x86)/arm gnu toolchain arm-none-eabi/12.2 rel1/bin/../lib/gcc/arm-none-eabi/12.2.1/thumb/v6-m/nofp\libgcc.a(lesf2.o)
                0x08001bac                __ltsf2
                0x08001bac                __lesf2
 .text.__aeabi_fmul
                0x08001c48      0x27c c:/program files (x86)/arm gnu toolchain arm-none-eabi/12.2 rel1/bin/../lib/gcc/arm-none-eabi/12.2.1/thumb/v6-m/nofp\libgcc.a(mulsf3.o)
                0x08001c48                __aeabi_fmul
 .text.__aeabi_fsub
                0x08001ec4      0x324 c:/program files (x86)/arm gnu toolchain arm-none-eabi/12.2 rel1/bin/../lib/gcc/arm-none-eabi/12.2.1/thumb/v6-m/nofp\libgcc.a(subsf3.o)
                0x08001ec4                __aeabi_fsub
 .text.__aeabi_f2iz
                0x080021e8       0x40 c:/program files (x86)/arm gnu toolchain arm-none-eabi/12.2 rel1/bin/../lib/gcc/arm-none-eabi/12.2.1/thumb/v6-m/nofp\libgcc.a(fixsfsi.o)
                0x080021e8                __aeabi_f2iz
 .text.__aeabi_i2f
                0x08002228       0x98 c:/program files (x86)/arm gnu toolchain arm-none-eabi/12.2 rel1/bin/../lib/gcc/arm-none-eabi/12.2.1/thumb/v6-m/nofp\libgcc.a(floatsisf.o)
                0x08002228                __aeabi_i2f
 .text.__aeabi_ddiv
                0x080022c0      0x638 c:/program files (x86)/arm gnu toolchain arm-none-eabi/12.2 rel1/bin/../lib/gcc/arm-none-eabi/12.2.1/thumb/v6-m/nofp\libgcc.a(divdf3.o)
                0x080022c0                __aeabi_ddiv
 .text.__aeabi_dmul
                0x080028f8      0x588 c:/program files (x86)/arm gnu toolchain arm-none-eabi/12.2 rel1/bin/../lib/gcc/arm-none-eabi/12.2.1/thumb/v6-m/nofp\libgcc.a(muldf3.o)
                0x080028f8                __aeabi_dmul
 .text.__aeabi_i2d
                0x08002e80       0x60 c:/program files (x86)/arm gnu toolchain arm-none-eabi/12.2 rel1/bin/../lib/gcc/arm-none-eabi/12.2.1/thumb/v6-m/nofp\libgcc.a(floatsidf.o)
                0x08002e80                __aeabi_i2d
 .text.__aeabi_d2f
                0x08002ee0      0x118 c:/program files (x86)/arm gnu toolchain arm-none-eabi/12.2 rel1/bin/../lib/gcc/arm-none-eabi/12.2.1/thumb/v6-m/nofp\libgcc.a(truncdfsf2.o)
                0x08002ee0                __aeabi_d2f
 .text.std      0x08002ff8       0x6c c:/program files (x86)/arm gnu toolchain arm-none-eabi/12.2 rel1/bin/../lib/gcc/arm-none-eabi/12.2.1/thumb/v6-m/nofp\libc_nano.a(libc_a-findfp.o)
 .text.stdio_exit_handler
                0x08003064       0x1c c:/program files (x86)/arm gnu toolchain arm-none-eabi/12.2 rel1/bin/../lib/gcc/arm-none-eabi/12.2.1/thumb/v6-m/nofp\libc_nano.a(libc_a-findfp.o)
 .text.cleanup_stdio
                0x08003080       0x3c c:/program files (x86)/arm gnu toolchain arm-none-eabi/12.2 rel1/bin/../lib/gcc/arm-none-eabi/12.2.1/thumb/v6-m/nofp\libc_nano.a(libc_a-findfp.o)
 .text.global_stdio_init.part.0
                0x080030bc       0x3c c:/program files (x86)/arm gnu toolchain arm-none-eabi/12.2 rel1/bin/../lib/gcc/arm-none-eabi/12.2.1/thumb/v6-m/nofp\libc_nano.a(libc_a-findfp.o)
 .text.__sfp_lock_acquire
                0x080030f8       0x10 c:/program files (x86)/arm gnu toolchain arm-none-eabi/12.2 rel1/bin/../lib/gcc/arm-none-eabi/12.2.1/thumb/v6-m/nofp\libc_nano.a(libc_a-findfp.o)
                0x080030f8                __sfp_lock_acquire
 .text.__sfp_lock_release
                0x08003108       0x10 c:/program files (x86)/arm gnu toolchain arm-none-eabi/12.2 rel1/bin/../lib/gcc/arm-none-eabi/12.2.1/thumb/v6-m/nofp\libc_nano.a(libc_a-findfp.o)
                0x08003108                __sfp_lock_release
 .text.__sinit  0x08003118       0x30 c:/program files (x86)/arm gnu toolchain arm-none-eabi/12.2 rel1/bin/../lib/gcc/arm-none-eabi/12.2.1/thumb/v6-m/nofp\libc_nano.a(libc_a-findfp.o)
                0x08003118                __sinit
 .text._fwalk_sglue
                0x08003148       0x38 c:/program files (x86)/arm gnu toolchain arm-none-eabi/12.2 rel1/bin/../lib/gcc/arm-none-eabi/12.2.1/thumb/v6-m/nofp\libc_nano.a(libc_a-fwalk.o)
                0x08003148                _fwalk_sglue
 .text.printf   0x08003180       0x20 c:/program files (x86)/arm gnu toolchain arm-none-eabi/12.2 rel1/bin/../lib/gcc/arm-none-eabi/12.2.1/thumb/v6-m/nofp\libc_nano.a(libc_a-printf.o)
                0x08003180                iprintf
                0x08003180                printf
 .text.__sread  0x080031a0       0x28 c:/program files (x86)/arm gnu toolchain arm-none-eabi/12.2 rel1/bin/../lib/gcc/arm-none-eabi/12.2.1/thumb/v6-m/nofp\libc_nano.a(libc_a-stdio.o)
                0x080031a0                __sread
 .text.__swrite
                0x080031c8       0x38 c:/program files (x86)/arm gnu toolchain arm-none-eabi/12.2 rel1/bin/../lib/gcc/arm-none-eabi/12.2.1/thumb/v6-m/nofp\libc_nano.a(libc_a-stdio.o)
                0x080031c8                __swrite
 .text.__sseek  0x08003200       0x2c c:/program files (x86)/arm gnu toolchain arm-none-eabi/12.2 rel1/bin/../lib/gcc/arm-none-eabi/12.2.1/thumb/v6-m/nofp\libc_nano.a(libc_a-stdio.o)
                0x08003200                __sseek
 .text.__sclose
                0x0800322c        0xc c:/program files (x86)/arm gnu toolchain arm-none-eabi/12.2 rel1/bin/../lib/gcc/arm-none-eabi/12.2.1/thumb/v6-m/nofp\libc_nano.a(libc_a-stdio.o)
                0x0800322c                __sclose
 .text.memset   0x08003238       0x10 c:/program files (x86)/arm gnu toolchain arm-none-eabi/12.2 rel1/bin/../lib/gcc/arm-none-eabi/12.2.1/thumb/v6-m/nofp\libc_nano.a(libc_a-memset.o)
                0x08003238                memset
 .text._close_r
                0x08003248       0x24 c:/program files (x86)/arm gnu toolchain arm-none-eabi/12.2 rel1/bin/../lib/gcc/arm-none-eabi/12.2.1/thumb/v6-m/nofp\libc_nano.a(libc_a-closer.o)
                0x08003248                _close_r
 .text._lseek_r
                0x0800326c       0x28 c:/program files (x86)/arm gnu toolchain arm-none-eabi/12.2 rel1/bin/../lib/gcc/arm-none-eabi/12.2.1/thumb/v6-m/nofp\libc_nano.a(libc_a-lseekr.o)
                0x0800326c                _lseek_r
 .text._read_r  0x08003294       0x28 c:/program files (x86)/arm gnu toolchain arm-none-eabi/12.2 rel1/bin/../lib/gcc/arm-none-eabi/12.2.1/thumb/v6-m/nofp\libc_nano.a(libc_a-readr.o)
                0x08003294                _read_r
 .text._write_r
                0x080032bc       0x28 c:/program files (x86)/arm gnu toolchain arm-none-eabi/12.2 rel1/bin/../lib/gcc/arm-none-eabi/12.2.1/thumb/v6-m/nofp\libc_nano.a(libc_a-writer.o)
                0x080032bc                _write_r
 .text.__libc_init_array
                0x080032e4       0x48 c:/program files (x86)/arm gnu toolchain arm-none-eabi/12.2 rel1/bin/../lib/gcc/arm-none-eabi/12.2.1/thumb/v6-m/nofp\libc_nano.a(libc_a-init.o)
                0x080032e4                __libc_init_array
 .text.__retarget_lock_init_recursive
                0x0800332c        0x2 c:/program files (x86)/arm gnu toolchain arm-none-eabi/12.2 rel1/bin/../lib/gcc/arm-none-eabi/12.2.1/thumb/v6-m/nofp\libc_nano.a(libc_a-lock.o)
                0x0800332c                __retarget_lock_init_recursive
 .text.__retarget_lock_acquire_recursive
                0x0800332e        0x2 c:/program files (x86)/arm gnu toolchain arm-none-eabi/12.2 rel1/bin/../lib/gcc/arm-none-eabi/12.2.1/thumb/v6-m/nofp\libc_nano.a(libc_a-lock.o)
                0x0800332e                __retarget_lock_acquire_recursive
 .text.__retarget_lock_release_recursive
                0x08003330        0x2 c:/program files (x86)/arm gnu toolchain arm-none-eabi/12.2 rel1/bin/../lib/gcc/arm-none-eabi/12.2.1/thumb/v6-m/nofp\libc_nano.a(libc_a-lock.o)
                0x08003330                __retarget_lock_release_recursive
 *fill*         0x08003332        0x2 
 .text._free_r  0x08003334       0x94 c:/program files (x86)/arm gnu toolchain arm-none-eabi/12.2 rel1/bin/../lib/gcc/arm-none-eabi/12.2.1/thumb/v6-m/nofp\libc_nano.a(libc_a-freer.o)
                0x08003334                _free_r
 .text.sbrk_aligned
                0x080033c8       0x44 c:/program files (x86)/arm gnu toolchain arm-none-eabi/12.2 rel1/bin/../lib/gcc/arm-none-eabi/12.2.1/thumb/v6-m/nofp\libc_nano.a(libc_a-mallocr.o)
 .text._malloc_r
                0x0800340c       0xf4 c:/program files (x86)/arm gnu toolchain arm-none-eabi/12.2 rel1/bin/../lib/gcc/arm-none-eabi/12.2.1/thumb/v6-m/nofp\libc_nano.a(libc_a-mallocr.o)
                0x0800340c                _malloc_r
 .text.__malloc_lock
                0x08003500       0x10 c:/program files (x86)/arm gnu toolchain arm-none-eabi/12.2 rel1/bin/../lib/gcc/arm-none-eabi/12.2.1/thumb/v6-m/nofp\libc_nano.a(libc_a-mlock.o)
                0x08003500                __malloc_lock
 .text.__malloc_unlock
                0x08003510       0x10 c:/program files (x86)/arm gnu toolchain arm-none-eabi/12.2 rel1/bin/../lib/gcc/arm-none-eabi/12.2.1/thumb/v6-m/nofp\libc_nano.a(libc_a-mlock.o)
                0x08003510                __malloc_unlock
 .text.__sfputc_r
                0x08003520       0x2a c:/program files (x86)/arm gnu toolchain arm-none-eabi/12.2 rel1/bin/../lib/gcc/arm-none-eabi/12.2.1/thumb/v6-m/nofp\libc_nano.a(libc_a-nano-vfprintf.o)
 .text.__sfputs_r
                0x0800354a       0x24 c:/program files (x86)/arm gnu toolchain arm-none-eabi/12.2 rel1/bin/../lib/gcc/arm-none-eabi/12.2.1/thumb/v6-m/nofp\libc_nano.a(libc_a-nano-vfprintf.o)
                0x0800354a                __sfputs_r
 *fill*         0x0800356e        0x2 
 .text._vfprintf_r
                0x08003570      0x238 c:/program files (x86)/arm gnu toolchain arm-none-eabi/12.2 rel1/bin/../lib/gcc/arm-none-eabi/12.2.1/thumb/v6-m/nofp\libc_nano.a(libc_a-nano-vfprintf.o)
                0x08003570                _vfprintf_r
                0x08003570                _vfiprintf_r
 .text._printf_common
                0x080037a8       0xde c:/program files (x86)/arm gnu toolchain arm-none-eabi/12.2 rel1/bin/../lib/gcc/arm-none-eabi/12.2.1/thumb/v6-m/nofp\libc_nano.a(libc_a-nano-vfprintf_i.o)
                0x080037a8                _printf_common
 *fill*         0x08003886        0x2 
 .text._printf_i
                0x08003888      0x234 c:/program files (x86)/arm gnu toolchain arm-none-eabi/12.2 rel1/bin/../lib/gcc/arm-none-eabi/12.2.1/thumb/v6-m/nofp\libc_nano.a(libc_a-nano-vfprintf_i.o)
                0x08003888                _printf_i
 .text.__sflush_r
                0x08003abc      0x11c c:/program files (x86)/arm gnu toolchain arm-none-eabi/12.2 rel1/bin/../lib/gcc/arm-none-eabi/12.2.1/thumb/v6-m/nofp\libc_nano.a(libc_a-fflush.o)
                0x08003abc                __sflush_r
 .text._fflush_r
                0x08003bd8       0x56 c:/program files (x86)/arm gnu toolchain arm-none-eabi/12.2 rel1/bin/../lib/gcc/arm-none-eabi/12.2.1/thumb/v6-m/nofp\libc_nano.a(libc_a-fflush.o)
                0x08003bd8                _fflush_r
 .text.__swbuf_r
                0x08003c2e       0x84 c:/program files (x86)/arm gnu toolchain arm-none-eabi/12.2 rel1/bin/../lib/gcc/arm-none-eabi/12.2.1/thumb/v6-m/nofp\libc_nano.a(libc_a-wbuf.o)
                0x08003c2e                __swbuf_r
 *fill*         0x08003cb2        0x2 
 .text.__swsetup_r
                0x08003cb4       0xbc c:/program files (x86)/arm gnu toolchain arm-none-eabi/12.2 rel1/bin/../lib/gcc/arm-none-eabi/12.2.1/thumb/v6-m/nofp\libc_nano.a(libc_a-wsetup.o)
                0x08003cb4                __swsetup_r
 .text._sbrk_r  0x08003d70       0x24 c:/program files (x86)/arm gnu toolchain arm-none-eabi/12.2 rel1/bin/../lib/gcc/arm-none-eabi/12.2.1/thumb/v6-m/nofp\libc_nano.a(libc_a-sbrkr.o)
                0x08003d70                _sbrk_r
 .text.memchr   0x08003d94       0x16 c:/program files (x86)/arm gnu toolchain arm-none-eabi/12.2 rel1/bin/../lib/gcc/arm-none-eabi/12.2.1/thumb/v6-m/nofp\libc_nano.a(libc_a-memchr-stub.o)
                0x08003d94                memchr
 *fill*         0x08003daa        0x2 
 .text.__swhatbuf_r
                0x08003dac       0x54 c:/program files (x86)/arm gnu toolchain arm-none-eabi/12.2 rel1/bin/../lib/gcc/arm-none-eabi/12.2.1/thumb/v6-m/nofp\libc_nano.a(libc_a-makebuf.o)
                0x08003dac                __swhatbuf_r
 .text.__smakebuf_r
                0x08003e00       0x82 c:/program files (x86)/arm gnu toolchain arm-none-eabi/12.2 rel1/bin/../lib/gcc/arm-none-eabi/12.2.1/thumb/v6-m/nofp\libc_nano.a(libc_a-makebuf.o)
                0x08003e00                __smakebuf_r
 *fill*         0x08003e82        0x2 
 .text._fstat_r
                0x08003e84       0x24 c:/program files (x86)/arm gnu toolchain arm-none-eabi/12.2 rel1/bin/../lib/gcc/arm-none-eabi/12.2.1/thumb/v6-m/nofp\libc_nano.a(libc_a-fstatr.o)
                0x08003e84                _fstat_r
 .text._isatty_r
                0x08003ea8       0x24 c:/program files (x86)/arm gnu toolchain arm-none-eabi/12.2 rel1/bin/../lib/gcc/arm-none-eabi/12.2.1/thumb/v6-m/nofp\libc_nano.a(libc_a-isattyr.o)
                0x08003ea8                _isatty_r
 .text.findslot
                0x08003ecc       0x34 c:/program files (x86)/arm gnu toolchain arm-none-eabi/12.2 rel1/bin/../lib/gcc/arm-none-eabi/12.2.1/thumb/v6-m/nofp\librdimon_nano.a(rdimon-syscalls.o)
 .text.error    0x08003f00       0x1c c:/program files (x86)/arm gnu toolchain arm-none-eabi/12.2 rel1/bin/../lib/gcc/arm-none-eabi/12.2.1/thumb/v6-m/nofp\librdimon_nano.a(rdimon-syscalls.o)
 .text.checkerror
                0x08003f1c        0xc c:/program files (x86)/arm gnu toolchain arm-none-eabi/12.2 rel1/bin/../lib/gcc/arm-none-eabi/12.2.1/thumb/v6-m/nofp\librdimon_nano.a(rdimon-syscalls.o)
 .text._swiread
                0x08003f28       0x20 c:/program files (x86)/arm gnu toolchain arm-none-eabi/12.2 rel1/bin/../lib/gcc/arm-none-eabi/12.2.1/thumb/v6-m/nofp\librdimon_nano.a(rdimon-syscalls.o)
                0x08003f28                _swiread
 .text._read    0x08003f48       0x34 c:/program files (x86)/arm gnu toolchain arm-none-eabi/12.2 rel1/bin/../lib/gcc/arm-none-eabi/12.2.1/thumb/v6-m/nofp\librdimon_nano.a(rdimon-syscalls.o)
                0x08003f48                _read
 .text._swilseek
                0x08003f7c       0x76 c:/program files (x86)/arm gnu toolchain arm-none-eabi/12.2 rel1/bin/../lib/gcc/arm-none-eabi/12.2.1/thumb/v6-m/nofp\librdimon_nano.a(rdimon-syscalls.o)
                0x08003f7c                _swilseek
 .text._lseek   0x08003ff2        0x8 c:/program files (x86)/arm gnu toolchain arm-none-eabi/12.2 rel1/bin/../lib/gcc/arm-none-eabi/12.2.1/thumb/v6-m/nofp\librdimon_nano.a(rdimon-syscalls.o)
                0x08003ff2                _lseek
 .text._swiwrite
                0x08003ffa       0x20 c:/program files (x86)/arm gnu toolchain arm-none-eabi/12.2 rel1/bin/../lib/gcc/arm-none-eabi/12.2.1/thumb/v6-m/nofp\librdimon_nano.a(rdimon-syscalls.o)
                0x08003ffa                _swiwrite
 .text._write   0x0800401a       0x3e c:/program files (x86)/arm gnu toolchain arm-none-eabi/12.2 rel1/bin/../lib/gcc/arm-none-eabi/12.2.1/thumb/v6-m/nofp\librdimon_nano.a(rdimon-syscalls.o)
                0x0800401a                _write
 .text._swiclose
                0x08004058       0x18 c:/program files (x86)/arm gnu toolchain arm-none-eabi/12.2 rel1/bin/../lib/gcc/arm-none-eabi/12.2.1/thumb/v6-m/nofp\librdimon_nano.a(rdimon-syscalls.o)
                0x08004058                _swiclose
 .text._close   0x08004070       0x44 c:/program files (x86)/arm gnu toolchain arm-none-eabi/12.2 rel1/bin/../lib/gcc/arm-none-eabi/12.2.1/thumb/v6-m/nofp\librdimon_nano.a(rdimon-syscalls.o)
                0x08004070                _close
 .text._sbrk    0x080040b4       0x4c c:/program files (x86)/arm gnu toolchain arm-none-eabi/12.2 rel1/bin/../lib/gcc/arm-none-eabi/12.2.1/thumb/v6-m/nofp\librdimon_nano.a(rdimon-syscalls.o)
                0x080040b4                _sbrk
 .text._swistat
                0x08004100       0x44 c:/program files (x86)/arm gnu toolchain arm-none-eabi/12.2 rel1/bin/../lib/gcc/arm-none-eabi/12.2.1/thumb/v6-m/nofp\librdimon_nano.a(rdimon-syscalls.o)
                0x08004100                _swistat
 .text._fstat   0x08004144       0x1a c:/program files (x86)/arm gnu toolchain arm-none-eabi/12.2 rel1/bin/../lib/gcc/arm-none-eabi/12.2.1/thumb/v6-m/nofp\librdimon_nano.a(rdimon-syscalls.o)
                0x08004144                _fstat
 .text._stat    0x0800415e       0x3c c:/program files (x86)/arm gnu toolchain arm-none-eabi/12.2 rel1/bin/../lib/gcc/arm-none-eabi/12.2.1/thumb/v6-m/nofp\librdimon_nano.a(rdimon-syscalls.o)
                0x0800415e                _stat
 *fill*         0x0800419a        0x2 
 .text._swiopen
                0x0800419c       0xb8 c:/program files (x86)/arm gnu toolchain arm-none-eabi/12.2 rel1/bin/../lib/gcc/arm-none-eabi/12.2.1/thumb/v6-m/nofp\librdimon_nano.a(rdimon-syscalls.o)
                0x0800419c                _swiopen
 .text._get_semihosting_exts
                0x08004254       0xa8 c:/program files (x86)/arm gnu toolchain arm-none-eabi/12.2 rel1/bin/../lib/gcc/arm-none-eabi/12.2.1/thumb/v6-m/nofp\librdimon_nano.a(rdimon-syscalls.o)
                0x08004254                _get_semihosting_exts
 .text.initialise_semihosting_exts
                0x080042fc       0x34 c:/program files (x86)/arm gnu toolchain arm-none-eabi/12.2 rel1/bin/../lib/gcc/arm-none-eabi/12.2.1/thumb/v6-m/nofp\librdimon_nano.a(rdimon-syscalls.o)
 .text._has_ext_stdout_stderr
                0x08004330       0x18 c:/program files (x86)/arm gnu toolchain arm-none-eabi/12.2 rel1/bin/../lib/gcc/arm-none-eabi/12.2.1/thumb/v6-m/nofp\librdimon_nano.a(rdimon-syscalls.o)
                0x08004330                _has_ext_stdout_stderr
 .text.initialise_monitor_handles
                0x08004348       0xb8 c:/program files (x86)/arm gnu toolchain arm-none-eabi/12.2 rel1/bin/../lib/gcc/arm-none-eabi/12.2.1/thumb/v6-m/nofp\librdimon_nano.a(rdimon-syscalls.o)
                0x08004348                initialise_monitor_handles
 .text._isatty  0x08004400       0x3a c:/program files (x86)/arm gnu toolchain arm-none-eabi/12.2 rel1/bin/../lib/gcc/arm-none-eabi/12.2.1/thumb/v6-m/nofp\librdimon_nano.a(rdimon-syscalls.o)
                0x08004400                _isatty
 *fill*         0x0800443a        0x2 
 .text.__errno  0x0800443c        0xc c:/program files (x86)/arm gnu toolchain arm-none-eabi/12.2 rel1/bin/../lib/gcc/arm-none-eabi/12.2.1/thumb/v6-m/nofp\libc_nano.a(libc_a-errno.o)
                0x0800443c                __errno
 *(.glue_7)
 .glue_7        0x08004448        0x0 linker stubs
 *(.glue_7t)
 .glue_7t       0x08004448        0x0 linker stubs
 *(.eh_frame)
 .eh_frame      0x08004448        0x0 c:/program files (x86)/arm gnu toolchain arm-none-eabi/12.2 rel1/bin/../lib/gcc/arm-none-eabi/12.2.1/thumb/v6-m/nofp/crtbegin.o
 *(.init)
 .init          0x08004448        0x4 c:/program files (x86)/arm gnu toolchain arm-none-eabi/12.2 rel1/bin/../lib/gcc/arm-none-eabi/12.2.1/thumb/v6-m/nofp/crti.o
                0x08004448                _init
 .init          0x0800444c        0x8 c:/program files (x86)/arm gnu toolchain arm-none-eabi/12.2 rel1/bin/../lib/gcc/arm-none-eabi/12.2.1/thumb/v6-m/nofp/crtn.o
 *(.fini)
 .fini          0x08004454        0x4 c:/program files (x86)/arm gnu toolchain arm-none-eabi/12.2 rel1/bin/../lib/gcc/arm-none-eabi/12.2.1/thumb/v6-m/nofp/crti.o
                0x08004454                _fini
 .fini          0x08004458        0x8 c:/program files (x86)/arm gnu toolchain arm-none-eabi/12.2 rel1/bin/../lib/gcc/arm-none-eabi/12.2.1/thumb/v6-m/nofp/crtn.o
                0x08004460                . = ALIGN (0x4)
                0x08004460                _etext = .

.vfp11_veneer   0x08004460        0x0
 .vfp11_veneer  0x08004460        0x0 linker stubs

.v4_bx          0x08004460        0x0
 .v4_bx         0x08004460        0x0 linker stubs

.iplt           0x08004460        0x0
 .iplt          0x08004460        0x0 c:/program files (x86)/arm gnu toolchain arm-none-eabi/12.2 rel1/bin/../lib/gcc/arm-none-eabi/12.2.1/thumb/v6-m/nofp/crtbegin.o

.rodata         0x08004460       0xbc
                0x08004460                . = ALIGN (0x4)
 *(.rodata)
 .rodata        0x08004460       0x2b main.o
 *(.rodata*)
 *fill*         0x0800448b        0x1 
 .rodata.__aeabi_ddiv
                0x0800448c       0x40 c:/program files (x86)/arm gnu toolchain arm-none-eabi/12.2 rel1/bin/../lib/gcc/arm-none-eabi/12.2.1/thumb/v6-m/nofp\libgcc.a(divdf3.o)
 .rodata._vfprintf_r.str1.1
                0x080044cc       0x11 c:/program files (x86)/arm gnu toolchain arm-none-eabi/12.2 rel1/bin/../lib/gcc/arm-none-eabi/12.2.1/thumb/v6-m/nofp\libc_nano.a(libc_a-nano-vfprintf.o)
 .rodata._printf_i.str1.1
                0x080044dd       0x22 c:/program files (x86)/arm gnu toolchain arm-none-eabi/12.2 rel1/bin/../lib/gcc/arm-none-eabi/12.2.1/thumb/v6-m/nofp\libc_nano.a(libc_a-nano-vfprintf_i.o)
 .rodata._get_semihosting_exts.str1.1
                0x080044ff       0x16 c:/program files (x86)/arm gnu toolchain arm-none-eabi/12.2 rel1/bin/../lib/gcc/arm-none-eabi/12.2.1/thumb/v6-m/nofp\librdimon_nano.a(rdimon-syscalls.o)
 .rodata.initialise_monitor_handles.str1.1
                0x08004515        0x4 c:/program files (x86)/arm gnu toolchain arm-none-eabi/12.2 rel1/bin/../lib/gcc/arm-none-eabi/12.2.1/thumb/v6-m/nofp\librdimon_nano.a(rdimon-syscalls.o)
                0x0800451c                . = ALIGN (0x4)
 *fill*         0x08004519        0x3 

.rel.dyn        0x0800451c        0x0
 .rel.iplt      0x0800451c        0x0 c:/program files (x86)/arm gnu toolchain arm-none-eabi/12.2 rel1/bin/../lib/gcc/arm-none-eabi/12.2.1/thumb/v6-m/nofp/crtbegin.o

.ARM.extab      0x0800451c        0x0
                0x0800451c                . = ALIGN (0x4)
 *(.ARM.extab* .gnu.linkonce.armextab.*)
                0x0800451c                . = ALIGN (0x4)

.ARM            0x0800451c        0x0
                0x0800451c                . = ALIGN (0x4)
                0x0800451c                __exidx_start = .
 *(.ARM.exidx*)
                0x0800451c                __exidx_end = .
                0x0800451c                . = ALIGN (0x4)

.preinit_array  0x0800451c        0x0
                0x0800451c                . = ALIGN (0x4)
                0x0800451c                PROVIDE (__preinit_array_start = .)
 *(.preinit_array*)
                0x0800451c                PROVIDE (__preinit_array_end = .)
                0x0800451c                . = ALIGN (0x4)

.init_array     0x0800451c        0x4
                0x0800451c                . = ALIGN (0x4)
                0x0800451c                PROVIDE (__init_array_start = .)
 *(SORT_BY_NAME(.init_array.*))
 *(.init_array*)
 .init_array    0x0800451c        0x4 c:/program files (x86)/arm gnu toolchain arm-none-eabi/12.2 rel1/bin/../lib/gcc/arm-none-eabi/12.2.1/thumb/v6-m/nofp/crtbegin.o
                0x08004520                PROVIDE (__init_array_end = .)
                0x08004520                . = ALIGN (0x4)

.fini_array     0x08004520        0x4
                0x08004520                . = ALIGN (0x4)
                [!provide]                PROVIDE (__fini_array_start = .)
 *(SORT_BY_NAME(.fini_array.*))
 *(.fini_array*)
 .fini_array    0x08004520        0x4 c:/program files (x86)/arm gnu toolchain arm-none-eabi/12.2 rel1/bin/../lib/gcc/arm-none-eabi/12.2.1/thumb/v6-m/nofp/crtbegin.o
                [!provide]                PROVIDE (__fini_array_end = .)
                0x08004524                . = ALIGN (0x4)
                0x08004524                _sidata = LOADADDR (.data)

.data           0x20000000       0x68 load address 0x08004524
                0x20000000                . = ALIGN (0x4)
                0x20000000                _sdata = .
 *(.data)
 *(.data*)
 .data.__sglue  0x20000000        0xc c:/program files (x86)/arm gnu toolchain arm-none-eabi/12.2 rel1/bin/../lib/gcc/arm-none-eabi/12.2.1/thumb/v6-m/nofp\libc_nano.a(libc_a-findfp.o)
                0x20000000                __sglue
 .data._impure_ptr
                0x2000000c        0x4 c:/program files (x86)/arm gnu toolchain arm-none-eabi/12.2 rel1/bin/../lib/gcc/arm-none-eabi/12.2.1/thumb/v6-m/nofp\libc_nano.a(libc_a-impure.o)
                0x2000000c                _impure_ptr
 .data._impure_data
                0x20000010       0x4c c:/program files (x86)/arm gnu toolchain arm-none-eabi/12.2 rel1/bin/../lib/gcc/arm-none-eabi/12.2.1/thumb/v6-m/nofp\libc_nano.a(libc_a-impure.o)
                0x20000010                _impure_data
 .data.__heap_limit
                0x2000005c        0x4 c:/program files (x86)/arm gnu toolchain arm-none-eabi/12.2 rel1/bin/../lib/gcc/arm-none-eabi/12.2.1/thumb/v6-m/nofp\librdimon_nano.a(rdimon-syscalls.o)
                0x2000005c                __heap_limit
 .data.supports_ext_stdout_stderr
                0x20000060        0x4 c:/program files (x86)/arm gnu toolchain arm-none-eabi/12.2 rel1/bin/../lib/gcc/arm-none-eabi/12.2.1/thumb/v6-m/nofp\librdimon_nano.a(rdimon-syscalls.o)
 .data.supports_ext_exit_extended
                0x20000064        0x4 c:/program files (x86)/arm gnu toolchain arm-none-eabi/12.2 rel1/bin/../lib/gcc/arm-none-eabi/12.2.1/thumb/v6-m/nofp\librdimon_nano.a(rdimon-syscalls.o)
 *(.RamFunc)
 *(.RamFunc*)
                0x20000068                . = ALIGN (0x4)
                0x20000068                _edata = .

.tm_clone_table
                0x20000068        0x0 load address 0x0800458c
 .tm_clone_table
                0x20000068        0x0 c:/program files (x86)/arm gnu toolchain arm-none-eabi/12.2 rel1/bin/../lib/gcc/arm-none-eabi/12.2.1/thumb/v6-m/nofp/crtbegin.o
 .tm_clone_table
                0x20000068        0x0 c:/program files (x86)/arm gnu toolchain arm-none-eabi/12.2 rel1/bin/../lib/gcc/arm-none-eabi/12.2.1/thumb/v6-m/nofp/crtend.o

.igot.plt       0x20000068        0x0 load address 0x0800458c
 .igot.plt      0x20000068        0x0 c:/program files (x86)/arm gnu toolchain arm-none-eabi/12.2 rel1/bin/../lib/gcc/arm-none-eabi/12.2.1/thumb/v6-m/nofp/crtbegin.o
                0x20000068                . = ALIGN (0x4)

.bss            0x20000068      0x240 load address 0x0800458c
                0x20000068                _sbss = .
                0x20000068                __bss_start__ = _sbss
 *(.bss)
 *(.bss*)
 .bss.completed.1
                0x20000068        0x1 c:/program files (x86)/arm gnu toolchain arm-none-eabi/12.2 rel1/bin/../lib/gcc/arm-none-eabi/12.2.1/thumb/v6-m/nofp/crtbegin.o
 *fill*         0x20000069        0x3 
 .bss.object.0  0x2000006c       0x18 c:/program files (x86)/arm gnu toolchain arm-none-eabi/12.2 rel1/bin/../lib/gcc/arm-none-eabi/12.2.1/thumb/v6-m/nofp/crtbegin.o
 .bss.x0g       0x20000084        0x2 main.o
                0x20000084                x0g
 .bss.y0g       0x20000086        0x2 main.o
                0x20000086                y0g
 .bss.z0g       0x20000088        0x2 main.o
                0x20000088                z0g
 .bss.xmeas     0x2000008a        0x2 main.o
                0x2000008a                xmeas
 .bss.ymeas     0x2000008c        0x2 main.o
                0x2000008c                ymeas
 .bss.zmeas     0x2000008e        0x2 main.o
                0x2000008e                zmeas
 .bss.xactual   0x20000090        0x2 main.o
                0x20000090                xactual
 .bss.yactual   0x20000092        0x2 main.o
                0x20000092                yactual
 .bss.zactual   0x20000094        0x2 main.o
                0x20000094                zactual
 .bss.xscal     0x20000096        0x2 main.o
                0x20000096                xscal
 .bss.yscal     0x20000098        0x2 main.o
                0x20000098                yscal
 .bss.zscal     0x2000009a        0x2 main.o
                0x2000009a                zscal
 .bss.xmax      0x2000009c        0x2 main.o
                0x2000009c                xmax
 .bss.ymax      0x2000009e        0x2 main.o
                0x2000009e                ymax
 .bss.zmax      0x200000a0        0x2 main.o
                0x200000a0                zmax
 .bss.xmin      0x200000a2        0x2 main.o
                0x200000a2                xmin
 .bss.ymin      0x200000a4        0x2 main.o
                0x200000a4                ymin
 .bss.zmin      0x200000a6        0x2 main.o
                0x200000a6                zmin
 .bss.byte      0x200000a8        0x1 lcd.o
 .bss.DDRAMADDR
                0x200000a9        0x1 lcd.o
 *fill*         0x200000aa        0x2 
 .bss.__sf      0x200000ac      0x138 c:/program files (x86)/arm gnu toolchain arm-none-eabi/12.2 rel1/bin/../lib/gcc/arm-none-eabi/12.2.1/thumb/v6-m/nofp\libc_nano.a(libc_a-findfp.o)
                0x200000ac                __sf
 .bss.__stdio_exit_handler
                0x200001e4        0x4 c:/program files (x86)/arm gnu toolchain arm-none-eabi/12.2 rel1/bin/../lib/gcc/arm-none-eabi/12.2.1/thumb/v6-m/nofp\libc_nano.a(libc_a-findfp.o)
                0x200001e4                __stdio_exit_handler
 .bss.errno     0x200001e8        0x4 c:/program files (x86)/arm gnu toolchain arm-none-eabi/12.2 rel1/bin/../lib/gcc/arm-none-eabi/12.2.1/thumb/v6-m/nofp\libc_nano.a(libc_a-reent.o)
                0x200001e8                errno
 .bss.__lock___malloc_recursive_mutex
                0x200001ec        0x1 c:/program files (x86)/arm gnu toolchain arm-none-eabi/12.2 rel1/bin/../lib/gcc/arm-none-eabi/12.2.1/thumb/v6-m/nofp\libc_nano.a(libc_a-lock.o)
                0x200001ec                __lock___malloc_recursive_mutex
 .bss.__lock___sfp_recursive_mutex
                0x200001ed        0x1 c:/program files (x86)/arm gnu toolchain arm-none-eabi/12.2 rel1/bin/../lib/gcc/arm-none-eabi/12.2.1/thumb/v6-m/nofp\libc_nano.a(libc_a-lock.o)
                0x200001ed                __lock___sfp_recursive_mutex
 *fill*         0x200001ee        0x2 
 .bss.__malloc_sbrk_start
                0x200001f0        0x4 c:/program files (x86)/arm gnu toolchain arm-none-eabi/12.2 rel1/bin/../lib/gcc/arm-none-eabi/12.2.1/thumb/v6-m/nofp\libc_nano.a(libc_a-mallocr.o)
                0x200001f0                __malloc_sbrk_start
 .bss.__malloc_free_list
                0x200001f4        0x4 c:/program files (x86)/arm gnu toolchain arm-none-eabi/12.2 rel1/bin/../lib/gcc/arm-none-eabi/12.2.1/thumb/v6-m/nofp\libc_nano.a(libc_a-mallocr.o)
                0x200001f4                __malloc_free_list
 .bss.heap_end.0
                0x200001f8        0x4 c:/program files (x86)/arm gnu toolchain arm-none-eabi/12.2 rel1/bin/../lib/gcc/arm-none-eabi/12.2.1/thumb/v6-m/nofp\librdimon_nano.a(rdimon-syscalls.o)
 .bss.monitor_stderr
                0x200001fc        0x4 c:/program files (x86)/arm gnu toolchain arm-none-eabi/12.2 rel1/bin/../lib/gcc/arm-none-eabi/12.2.1/thumb/v6-m/nofp\librdimon_nano.a(rdimon-syscalls.o)
 .bss.monitor_stdout
                0x20000200        0x4 c:/program files (x86)/arm gnu toolchain arm-none-eabi/12.2 rel1/bin/../lib/gcc/arm-none-eabi/12.2.1/thumb/v6-m/nofp\librdimon_nano.a(rdimon-syscalls.o)
 .bss.monitor_stdin
                0x20000204        0x4 c:/program files (x86)/arm gnu toolchain arm-none-eabi/12.2 rel1/bin/../lib/gcc/arm-none-eabi/12.2.1/thumb/v6-m/nofp\librdimon_nano.a(rdimon-syscalls.o)
 .bss.openfiles
                0x20000208       0xa0 c:/program files (x86)/arm gnu toolchain arm-none-eabi/12.2 rel1/bin/../lib/gcc/arm-none-eabi/12.2.1/thumb/v6-m/nofp\librdimon_nano.a(rdimon-syscalls.o)
 *(COMMON)
                0x200002a8                . = ALIGN (0x4)
                0x200002a8                _ebss = .
                0x200002a8                __bss_end__ = _ebss

._user_heap_stack
                0x200002a8      0x600 load address 0x0800458c
                0x200002a8                . = ALIGN (0x8)
                0x200002a8                PROVIDE (end = .)
                [!provide]                PROVIDE (_end = .)
                0x200004a8                . = (. + _Min_Heap_Size)
 *fill*         0x200002a8      0x200 
                0x200008a8                . = (. + _Min_Stack_Size)
 *fill*         0x200004a8      0x400 
                0x200008a8                . = ALIGN (0x8)

/DISCARD/
 libc.a(*)
 libm.a(*)
 libgcc.a(*)

.ARM.attributes
                0x00000000       0x28
 *(.ARM.attributes)
 .ARM.attributes
                0x00000000       0x1e c:/program files (x86)/arm gnu toolchain arm-none-eabi/12.2 rel1/bin/../lib/gcc/arm-none-eabi/12.2.1/thumb/v6-m/nofp/crti.o
 .ARM.attributes
                0x0000001e       0x2c c:/program files (x86)/arm gnu toolchain arm-none-eabi/12.2 rel1/bin/../lib/gcc/arm-none-eabi/12.2.1/thumb/v6-m/nofp/crtbegin.o
 .ARM.attributes
                0x0000004a       0x2c main.o
 .ARM.attributes
                0x00000076       0x2c system_stm32f0xx.o
 .ARM.attributes
                0x000000a2       0x21 startup_stm32f070xb.o
 .ARM.attributes
                0x000000c3       0x2c timer.o
 .ARM.attributes
                0x000000ef       0x2c i2c.o
 .ARM.attributes
                0x0000011b       0x2c lcd.o
 .ARM.attributes
                0x00000147       0x2c systick.o
 .ARM.attributes
                0x00000173       0x2c spi.o
 .ARM.attributes
                0x0000019f       0x1e c:/program files (x86)/arm gnu toolchain arm-none-eabi/12.2 rel1/bin/../lib/gcc/arm-none-eabi/12.2.1/thumb/v6-m/nofp\libgcc.a(_udivsi3.o)
 .ARM.attributes
                0x000001bd       0x1e c:/program files (x86)/arm gnu toolchain arm-none-eabi/12.2 rel1/bin/../lib/gcc/arm-none-eabi/12.2.1/thumb/v6-m/nofp\libgcc.a(_dvmd_tls.o)
 .ARM.attributes
                0x000001db       0x1e c:/program files (x86)/arm gnu toolchain arm-none-eabi/12.2 rel1/bin/../lib/gcc/arm-none-eabi/12.2.1/thumb/v6-m/nofp\libgcc.a(_arm_cmpsf2.o)
 .ARM.attributes
                0x000001f9       0x2c c:/program files (x86)/arm gnu toolchain arm-none-eabi/12.2 rel1/bin/../lib/gcc/arm-none-eabi/12.2.1/thumb/v6-m/nofp\libgcc.a(addsf3.o)
 .ARM.attributes
                0x00000225       0x2c c:/program files (x86)/arm gnu toolchain arm-none-eabi/12.2 rel1/bin/../lib/gcc/arm-none-eabi/12.2.1/thumb/v6-m/nofp\libgcc.a(eqsf2.o)
 .ARM.attributes
                0x00000251       0x2c c:/program files (x86)/arm gnu toolchain arm-none-eabi/12.2 rel1/bin/../lib/gcc/arm-none-eabi/12.2.1/thumb/v6-m/nofp\libgcc.a(gesf2.o)
 .ARM.attributes
                0x0000027d       0x2c c:/program files (x86)/arm gnu toolchain arm-none-eabi/12.2 rel1/bin/../lib/gcc/arm-none-eabi/12.2.1/thumb/v6-m/nofp\libgcc.a(lesf2.o)
 .ARM.attributes
                0x000002a9       0x2c c:/program files (x86)/arm gnu toolchain arm-none-eabi/12.2 rel1/bin/../lib/gcc/arm-none-eabi/12.2.1/thumb/v6-m/nofp\libgcc.a(mulsf3.o)
 .ARM.attributes
                0x000002d5       0x2c c:/program files (x86)/arm gnu toolchain arm-none-eabi/12.2 rel1/bin/../lib/gcc/arm-none-eabi/12.2.1/thumb/v6-m/nofp\libgcc.a(subsf3.o)
 .ARM.attributes
                0x00000301       0x2c c:/program files (x86)/arm gnu toolchain arm-none-eabi/12.2 rel1/bin/../lib/gcc/arm-none-eabi/12.2.1/thumb/v6-m/nofp\libgcc.a(fixsfsi.o)
 .ARM.attributes
                0x0000032d       0x2c c:/program files (x86)/arm gnu toolchain arm-none-eabi/12.2 rel1/bin/../lib/gcc/arm-none-eabi/12.2.1/thumb/v6-m/nofp\libgcc.a(floatsisf.o)
 .ARM.attributes
                0x00000359       0x2c c:/program files (x86)/arm gnu toolchain arm-none-eabi/12.2 rel1/bin/../lib/gcc/arm-none-eabi/12.2.1/thumb/v6-m/nofp\libgcc.a(divdf3.o)
 .ARM.attributes
                0x00000385       0x2c c:/program files (x86)/arm gnu toolchain arm-none-eabi/12.2 rel1/bin/../lib/gcc/arm-none-eabi/12.2.1/thumb/v6-m/nofp\libgcc.a(muldf3.o)
 .ARM.attributes
                0x000003b1       0x2c c:/program files (x86)/arm gnu toolchain arm-none-eabi/12.2 rel1/bin/../lib/gcc/arm-none-eabi/12.2.1/thumb/v6-m/nofp\libgcc.a(floatsidf.o)
 .ARM.attributes
                0x000003dd       0x2c c:/program files (x86)/arm gnu toolchain arm-none-eabi/12.2 rel1/bin/../lib/gcc/arm-none-eabi/12.2.1/thumb/v6-m/nofp\libgcc.a(truncdfsf2.o)
 .ARM.attributes
                0x00000409       0x1e c:/program files (x86)/arm gnu toolchain arm-none-eabi/12.2 rel1/bin/../lib/gcc/arm-none-eabi/12.2.1/thumb/v6-m/nofp\libgcc.a(_clzsi2.o)
 .ARM.attributes
                0x00000427       0x2c c:/program files (x86)/arm gnu toolchain arm-none-eabi/12.2 rel1/bin/../lib/gcc/arm-none-eabi/12.2.1/thumb/v6-m/nofp\libc_nano.a(libc_a-findfp.o)
 .ARM.attributes
                0x00000453       0x2c c:/program files (x86)/arm gnu toolchain arm-none-eabi/12.2 rel1/bin/../lib/gcc/arm-none-eabi/12.2.1/thumb/v6-m/nofp\libc_nano.a(libc_a-fwalk.o)
 .ARM.attributes
                0x0000047f       0x2c c:/program files (x86)/arm gnu toolchain arm-none-eabi/12.2 rel1/bin/../lib/gcc/arm-none-eabi/12.2.1/thumb/v6-m/nofp\libc_nano.a(libc_a-printf.o)
 .ARM.attributes
                0x000004ab       0x2c c:/program files (x86)/arm gnu toolchain arm-none-eabi/12.2 rel1/bin/../lib/gcc/arm-none-eabi/12.2.1/thumb/v6-m/nofp\libc_nano.a(libc_a-stdio.o)
 .ARM.attributes
                0x000004d7       0x2c c:/program files (x86)/arm gnu toolchain arm-none-eabi/12.2 rel1/bin/../lib/gcc/arm-none-eabi/12.2.1/thumb/v6-m/nofp\libc_nano.a(libc_a-memset.o)
 .ARM.attributes
                0x00000503       0x2c c:/program files (x86)/arm gnu toolchain arm-none-eabi/12.2 rel1/bin/../lib/gcc/arm-none-eabi/12.2.1/thumb/v6-m/nofp\libc_nano.a(libc_a-closer.o)
 .ARM.attributes
                0x0000052f       0x2c c:/program files (x86)/arm gnu toolchain arm-none-eabi/12.2 rel1/bin/../lib/gcc/arm-none-eabi/12.2.1/thumb/v6-m/nofp\libc_nano.a(libc_a-reent.o)
 .ARM.attributes
                0x0000055b       0x2c c:/program files (x86)/arm gnu toolchain arm-none-eabi/12.2 rel1/bin/../lib/gcc/arm-none-eabi/12.2.1/thumb/v6-m/nofp\libc_nano.a(libc_a-impure.o)
 .ARM.attributes
                0x00000587       0x2c c:/program files (x86)/arm gnu toolchain arm-none-eabi/12.2 rel1/bin/../lib/gcc/arm-none-eabi/12.2.1/thumb/v6-m/nofp\libc_nano.a(libc_a-lseekr.o)
 .ARM.attributes
                0x000005b3       0x2c c:/program files (x86)/arm gnu toolchain arm-none-eabi/12.2 rel1/bin/../lib/gcc/arm-none-eabi/12.2.1/thumb/v6-m/nofp\libc_nano.a(libc_a-readr.o)
 .ARM.attributes
                0x000005df       0x2c c:/program files (x86)/arm gnu toolchain arm-none-eabi/12.2 rel1/bin/../lib/gcc/arm-none-eabi/12.2.1/thumb/v6-m/nofp\libc_nano.a(libc_a-writer.o)
 .ARM.attributes
                0x0000060b       0x2c c:/program files (x86)/arm gnu toolchain arm-none-eabi/12.2 rel1/bin/../lib/gcc/arm-none-eabi/12.2.1/thumb/v6-m/nofp\libc_nano.a(libc_a-init.o)
 .ARM.attributes
                0x00000637       0x2c c:/program files (x86)/arm gnu toolchain arm-none-eabi/12.2 rel1/bin/../lib/gcc/arm-none-eabi/12.2.1/thumb/v6-m/nofp\libc_nano.a(libc_a-lock.o)
 .ARM.attributes
                0x00000663       0x2c c:/program files (x86)/arm gnu toolchain arm-none-eabi/12.2 rel1/bin/../lib/gcc/arm-none-eabi/12.2.1/thumb/v6-m/nofp\libc_nano.a(libc_a-freer.o)
 .ARM.attributes
                0x0000068f       0x2c c:/program files (x86)/arm gnu toolchain arm-none-eabi/12.2 rel1/bin/../lib/gcc/arm-none-eabi/12.2.1/thumb/v6-m/nofp\libc_nano.a(libc_a-mallocr.o)
 .ARM.attributes
                0x000006bb       0x2c c:/program files (x86)/arm gnu toolchain arm-none-eabi/12.2 rel1/bin/../lib/gcc/arm-none-eabi/12.2.1/thumb/v6-m/nofp\libc_nano.a(libc_a-mlock.o)
 .ARM.attributes
                0x000006e7       0x2c c:/program files (x86)/arm gnu toolchain arm-none-eabi/12.2 rel1/bin/../lib/gcc/arm-none-eabi/12.2.1/thumb/v6-m/nofp\libc_nano.a(libc_a-nano-vfprintf.o)
 .ARM.attributes
                0x00000713       0x2c c:/program files (x86)/arm gnu toolchain arm-none-eabi/12.2 rel1/bin/../lib/gcc/arm-none-eabi/12.2.1/thumb/v6-m/nofp\libc_nano.a(libc_a-nano-vfprintf_i.o)
 .ARM.attributes
                0x0000073f       0x2c c:/program files (x86)/arm gnu toolchain arm-none-eabi/12.2 rel1/bin/../lib/gcc/arm-none-eabi/12.2.1/thumb/v6-m/nofp\libc_nano.a(libc_a-fflush.o)
 .ARM.attributes
                0x0000076b       0x2c c:/program files (x86)/arm gnu toolchain arm-none-eabi/12.2 rel1/bin/../lib/gcc/arm-none-eabi/12.2.1/thumb/v6-m/nofp\libc_nano.a(libc_a-wbuf.o)
 .ARM.attributes
                0x00000797       0x2c c:/program files (x86)/arm gnu toolchain arm-none-eabi/12.2 rel1/bin/../lib/gcc/arm-none-eabi/12.2.1/thumb/v6-m/nofp\libc_nano.a(libc_a-wsetup.o)
 .ARM.attributes
                0x000007c3       0x2c c:/program files (x86)/arm gnu toolchain arm-none-eabi/12.2 rel1/bin/../lib/gcc/arm-none-eabi/12.2.1/thumb/v6-m/nofp\libc_nano.a(libc_a-sbrkr.o)
 .ARM.attributes
                0x000007ef       0x2c c:/program files (x86)/arm gnu toolchain arm-none-eabi/12.2 rel1/bin/../lib/gcc/arm-none-eabi/12.2.1/thumb/v6-m/nofp\libc_nano.a(libc_a-memchr-stub.o)
 .ARM.attributes
                0x0000081b       0x2c c:/program files (x86)/arm gnu toolchain arm-none-eabi/12.2 rel1/bin/../lib/gcc/arm-none-eabi/12.2.1/thumb/v6-m/nofp\libc_nano.a(libc_a-makebuf.o)
 .ARM.attributes
                0x00000847       0x2c c:/program files (x86)/arm gnu toolchain arm-none-eabi/12.2 rel1/bin/../lib/gcc/arm-none-eabi/12.2.1/thumb/v6-m/nofp\libc_nano.a(libc_a-fstatr.o)
 .ARM.attributes
                0x00000873       0x2c c:/program files (x86)/arm gnu toolchain arm-none-eabi/12.2 rel1/bin/../lib/gcc/arm-none-eabi/12.2.1/thumb/v6-m/nofp\libc_nano.a(libc_a-isattyr.o)
 .ARM.attributes
                0x0000089f       0x1e c:/program files (x86)/arm gnu toolchain arm-none-eabi/12.2 rel1/bin/../lib/gcc/arm-none-eabi/12.2.1/thumb/v6-m/nofp\libgcc.a(_thumb1_case_shi.o)
 .ARM.attributes
                0x000008bd       0x2c c:/program files (x86)/arm gnu toolchain arm-none-eabi/12.2 rel1/bin/../lib/gcc/arm-none-eabi/12.2.1/thumb/v6-m/nofp\librdimon_nano.a(rdimon-syscalls.o)
 .ARM.attributes
                0x000008e9       0x2c c:/program files (x86)/arm gnu toolchain arm-none-eabi/12.2 rel1/bin/../lib/gcc/arm-none-eabi/12.2.1/thumb/v6-m/nofp\libc_nano.a(libc_a-errno.o)
 .ARM.attributes
                0x00000915       0x1c c:/program files (x86)/arm gnu toolchain arm-none-eabi/12.2 rel1/bin/../lib/gcc/arm-none-eabi/12.2.1/thumb/v6-m/nofp\libc_nano.a(libc_a-strlen.o)
 .ARM.attributes
                0x00000931       0x2c c:/program files (x86)/arm gnu toolchain arm-none-eabi/12.2 rel1/bin/../lib/gcc/arm-none-eabi/12.2.1/thumb/v6-m/nofp/crtend.o
 .ARM.attributes
                0x0000095d       0x1e c:/program files (x86)/arm gnu toolchain arm-none-eabi/12.2 rel1/bin/../lib/gcc/arm-none-eabi/12.2.1/thumb/v6-m/nofp/crtn.o
OUTPUT(final.elf elf32-littlearm)
LOAD linker stubs
LOAD c:/program files (x86)/arm gnu toolchain arm-none-eabi/12.2 rel1/bin/../lib/gcc/arm-none-eabi/12.2.1/thumb/v6-m/nofp\libc.a
LOAD c:/program files (x86)/arm gnu toolchain arm-none-eabi/12.2 rel1/bin/../lib/gcc/arm-none-eabi/12.2.1/thumb/v6-m/nofp\libm.a
LOAD c:/program files (x86)/arm gnu toolchain arm-none-eabi/12.2 rel1/bin/../lib/gcc/arm-none-eabi/12.2.1/thumb/v6-m/nofp\libgcc.a

.debug_info     0x00000000     0x1572
 .debug_info    0x00000000      0x57b main.o
 .debug_info    0x0000057b      0x239 system_stm32f0xx.o
 .debug_info    0x000007b4      0x2bf timer.o
 .debug_info    0x00000a73      0x2f3 i2c.o
 .debug_info    0x00000d66      0x3b3 lcd.o
 .debug_info    0x00001119      0x120 systick.o
 .debug_info    0x00001239      0x339 spi.o

.debug_abbrev   0x00000000      0x850
 .debug_abbrev  0x00000000      0x1df main.o
 .debug_abbrev  0x000001df      0x11a system_stm32f0xx.o
 .debug_abbrev  0x000002f9       0xe4 timer.o
 .debug_abbrev  0x000003dd      0x131 i2c.o
 .debug_abbrev  0x0000050e      0x115 lcd.o
 .debug_abbrev  0x00000623       0xdf systick.o
 .debug_abbrev  0x00000702      0x14e spi.o

.debug_aranges  0x00000000      0x190
 .debug_aranges
                0x00000000       0x40 main.o
 .debug_aranges
                0x00000040       0x28 system_stm32f0xx.o
 .debug_aranges
                0x00000068       0x30 timer.o
 .debug_aranges
                0x00000098       0x28 i2c.o
 .debug_aranges
                0x000000c0       0x60 lcd.o
 .debug_aranges
                0x00000120       0x28 systick.o
 .debug_aranges
                0x00000148       0x48 spi.o

.debug_rnglists
                0x00000000      0x115
 .debug_rnglists
                0x00000000       0x2f main.o
 .debug_rnglists
                0x0000002f       0x1a system_stm32f0xx.o
 .debug_rnglists
                0x00000049       0x1f timer.o
 .debug_rnglists
                0x00000068       0x1b i2c.o
 .debug_rnglists
                0x00000083       0x45 lcd.o
 .debug_rnglists
                0x000000c8       0x19 systick.o
 .debug_rnglists
                0x000000e1       0x34 spi.o

.debug_line     0x00000000     0x13db
 .debug_line    0x00000000      0x437 main.o
 .debug_line    0x00000437      0x1e3 system_stm32f0xx.o
 .debug_line    0x0000061a      0x222 timer.o
 .debug_line    0x0000083c      0x2be i2c.o
 .debug_line    0x00000afa      0x355 lcd.o
 .debug_line    0x00000e4f      0x19f systick.o
 .debug_line    0x00000fee      0x3ed spi.o

.debug_str      0x00000000      0x6fc
 .debug_str     0x00000000      0x3d5 main.o
                                0x446 (size before relaxing)
 .debug_str     0x000003d5       0xd3 system_stm32f0xx.o
                                0x25a (size before relaxing)
 .debug_str     0x000004a8       0x85 timer.o
                                0x248 (size before relaxing)
 .debug_str     0x0000052d       0x9f i2c.o
                                0x274 (size before relaxing)
 .debug_str     0x000005cc       0xc1 lcd.o
                                0x35e (size before relaxing)
 .debug_str     0x0000068d       0x32 systick.o
                                0x1c0 (size before relaxing)
 .debug_str     0x000006bf       0x3d spi.o
                                0x29b (size before relaxing)

.comment        0x00000000       0x45
 .comment       0x00000000       0x45 main.o
                                 0x46 (size before relaxing)
 .comment       0x00000045       0x46 system_stm32f0xx.o
 .comment       0x00000045       0x46 timer.o
 .comment       0x00000045       0x46 i2c.o
 .comment       0x00000045       0x46 lcd.o
 .comment       0x00000045       0x46 systick.o
 .comment       0x00000045       0x46 spi.o

.debug_frame    0x00000000     0x1190
 .debug_frame   0x00000000       0xc0 main.o
 .debug_frame   0x000000c0       0x4c system_stm32f0xx.o
 .debug_frame   0x0000010c       0x6c timer.o
 .debug_frame   0x00000178       0x4c i2c.o
 .debug_frame   0x000001c4      0x130 lcd.o
 .debug_frame   0x000002f4       0x4c systick.o
 .debug_frame   0x00000340       0xc0 spi.o
 .debug_frame   0x00000400       0x20 c:/program files (x86)/arm gnu toolchain arm-none-eabi/12.2 rel1/bin/../lib/gcc/arm-none-eabi/12.2.1/thumb/v6-m/nofp\libgcc.a(_udivsi3.o)
 .debug_frame   0x00000420       0x30 c:/program files (x86)/arm gnu toolchain arm-none-eabi/12.2 rel1/bin/../lib/gcc/arm-none-eabi/12.2.1/thumb/v6-m/nofp\libgcc.a(addsf3.o)
 .debug_frame   0x00000450       0x2c c:/program files (x86)/arm gnu toolchain arm-none-eabi/12.2 rel1/bin/../lib/gcc/arm-none-eabi/12.2.1/thumb/v6-m/nofp\libgcc.a(eqsf2.o)
 .debug_frame   0x0000047c       0x2c c:/program files (x86)/arm gnu toolchain arm-none-eabi/12.2 rel1/bin/../lib/gcc/arm-none-eabi/12.2.1/thumb/v6-m/nofp\libgcc.a(gesf2.o)
 .debug_frame   0x000004a8       0x2c c:/program files (x86)/arm gnu toolchain arm-none-eabi/12.2 rel1/bin/../lib/gcc/arm-none-eabi/12.2.1/thumb/v6-m/nofp\libgcc.a(lesf2.o)
 .debug_frame   0x000004d4       0x38 c:/program files (x86)/arm gnu toolchain arm-none-eabi/12.2 rel1/bin/../lib/gcc/arm-none-eabi/12.2.1/thumb/v6-m/nofp\libgcc.a(mulsf3.o)
 .debug_frame   0x0000050c       0x30 c:/program files (x86)/arm gnu toolchain arm-none-eabi/12.2 rel1/bin/../lib/gcc/arm-none-eabi/12.2.1/thumb/v6-m/nofp\libgcc.a(subsf3.o)
 .debug_frame   0x0000053c       0x20 c:/program files (x86)/arm gnu toolchain arm-none-eabi/12.2 rel1/bin/../lib/gcc/arm-none-eabi/12.2.1/thumb/v6-m/nofp\libgcc.a(fixsfsi.o)
 .debug_frame   0x0000055c       0x2c c:/program files (x86)/arm gnu toolchain arm-none-eabi/12.2 rel1/bin/../lib/gcc/arm-none-eabi/12.2.1/thumb/v6-m/nofp\libgcc.a(floatsisf.o)
 .debug_frame   0x00000588       0x3c c:/program files (x86)/arm gnu toolchain arm-none-eabi/12.2 rel1/bin/../lib/gcc/arm-none-eabi/12.2.1/thumb/v6-m/nofp\libgcc.a(divdf3.o)
 .debug_frame   0x000005c4       0x3c c:/program files (x86)/arm gnu toolchain arm-none-eabi/12.2 rel1/bin/../lib/gcc/arm-none-eabi/12.2.1/thumb/v6-m/nofp\libgcc.a(muldf3.o)
 .debug_frame   0x00000600       0x2c c:/program files (x86)/arm gnu toolchain arm-none-eabi/12.2 rel1/bin/../lib/gcc/arm-none-eabi/12.2.1/thumb/v6-m/nofp\libgcc.a(floatsidf.o)
 .debug_frame   0x0000062c       0x30 c:/program files (x86)/arm gnu toolchain arm-none-eabi/12.2 rel1/bin/../lib/gcc/arm-none-eabi/12.2.1/thumb/v6-m/nofp\libgcc.a(truncdfsf2.o)
 .debug_frame   0x0000065c      0x138 c:/program files (x86)/arm gnu toolchain arm-none-eabi/12.2 rel1/bin/../lib/gcc/arm-none-eabi/12.2.1/thumb/v6-m/nofp\libc_nano.a(libc_a-findfp.o)
 .debug_frame   0x00000794       0x34 c:/program files (x86)/arm gnu toolchain arm-none-eabi/12.2 rel1/bin/../lib/gcc/arm-none-eabi/12.2.1/thumb/v6-m/nofp\libc_nano.a(libc_a-fwalk.o)
 .debug_frame   0x000007c8       0x4c c:/program files (x86)/arm gnu toolchain arm-none-eabi/12.2 rel1/bin/../lib/gcc/arm-none-eabi/12.2.1/thumb/v6-m/nofp\libc_nano.a(libc_a-printf.o)
 .debug_frame   0x00000814       0x90 c:/program files (x86)/arm gnu toolchain arm-none-eabi/12.2 rel1/bin/../lib/gcc/arm-none-eabi/12.2.1/thumb/v6-m/nofp\libc_nano.a(libc_a-stdio.o)
 .debug_frame   0x000008a4       0x20 c:/program files (x86)/arm gnu toolchain arm-none-eabi/12.2 rel1/bin/../lib/gcc/arm-none-eabi/12.2.1/thumb/v6-m/nofp\libc_nano.a(libc_a-memset.o)
 .debug_frame   0x000008c4       0x2c c:/program files (x86)/arm gnu toolchain arm-none-eabi/12.2 rel1/bin/../lib/gcc/arm-none-eabi/12.2.1/thumb/v6-m/nofp\libc_nano.a(libc_a-closer.o)
 .debug_frame   0x000008f0       0x2c c:/program files (x86)/arm gnu toolchain arm-none-eabi/12.2 rel1/bin/../lib/gcc/arm-none-eabi/12.2.1/thumb/v6-m/nofp\libc_nano.a(libc_a-reent.o)
 .debug_frame   0x0000091c       0x2c c:/program files (x86)/arm gnu toolchain arm-none-eabi/12.2 rel1/bin/../lib/gcc/arm-none-eabi/12.2.1/thumb/v6-m/nofp\libc_nano.a(libc_a-lseekr.o)
 .debug_frame   0x00000948       0x2c c:/program files (x86)/arm gnu toolchain arm-none-eabi/12.2 rel1/bin/../lib/gcc/arm-none-eabi/12.2.1/thumb/v6-m/nofp\libc_nano.a(libc_a-readr.o)
 .debug_frame   0x00000974       0x2c c:/program files (x86)/arm gnu toolchain arm-none-eabi/12.2 rel1/bin/../lib/gcc/arm-none-eabi/12.2.1/thumb/v6-m/nofp\libc_nano.a(libc_a-writer.o)
 .debug_frame   0x000009a0       0x2c c:/program files (x86)/arm gnu toolchain arm-none-eabi/12.2 rel1/bin/../lib/gcc/arm-none-eabi/12.2.1/thumb/v6-m/nofp\libc_nano.a(libc_a-init.o)
 .debug_frame   0x000009cc       0xb0 c:/program files (x86)/arm gnu toolchain arm-none-eabi/12.2 rel1/bin/../lib/gcc/arm-none-eabi/12.2.1/thumb/v6-m/nofp\libc_nano.a(libc_a-lock.o)
 .debug_frame   0x00000a7c       0x2c c:/program files (x86)/arm gnu toolchain arm-none-eabi/12.2 rel1/bin/../lib/gcc/arm-none-eabi/12.2.1/thumb/v6-m/nofp\libc_nano.a(libc_a-freer.o)
 .debug_frame   0x00000aa8       0x50 c:/program files (x86)/arm gnu toolchain arm-none-eabi/12.2 rel1/bin/../lib/gcc/arm-none-eabi/12.2.1/thumb/v6-m/nofp\libc_nano.a(libc_a-mallocr.o)
 .debug_frame   0x00000af8       0x40 c:/program files (x86)/arm gnu toolchain arm-none-eabi/12.2 rel1/bin/../lib/gcc/arm-none-eabi/12.2.1/thumb/v6-m/nofp\libc_nano.a(libc_a-mlock.o)
 .debug_frame   0x00000b38       0x9c c:/program files (x86)/arm gnu toolchain arm-none-eabi/12.2 rel1/bin/../lib/gcc/arm-none-eabi/12.2.1/thumb/v6-m/nofp\libc_nano.a(libc_a-nano-vfprintf.o)
 .debug_frame   0x00000bd4       0x54 c:/program files (x86)/arm gnu toolchain arm-none-eabi/12.2 rel1/bin/../lib/gcc/arm-none-eabi/12.2.1/thumb/v6-m/nofp\libc_nano.a(libc_a-nano-vfprintf_i.o)
 .debug_frame   0x00000c28       0x68 c:/program files (x86)/arm gnu toolchain arm-none-eabi/12.2 rel1/bin/../lib/gcc/arm-none-eabi/12.2.1/thumb/v6-m/nofp\libc_nano.a(libc_a-fflush.o)
 .debug_frame   0x00000c90       0x48 c:/program files (x86)/arm gnu toolchain arm-none-eabi/12.2 rel1/bin/../lib/gcc/arm-none-eabi/12.2.1/thumb/v6-m/nofp\libc_nano.a(libc_a-wbuf.o)
 .debug_frame   0x00000cd8       0x2c c:/program files (x86)/arm gnu toolchain arm-none-eabi/12.2 rel1/bin/../lib/gcc/arm-none-eabi/12.2.1/thumb/v6-m/nofp\libc_nano.a(libc_a-wsetup.o)
 .debug_frame   0x00000d04       0x2c c:/program files (x86)/arm gnu toolchain arm-none-eabi/12.2 rel1/bin/../lib/gcc/arm-none-eabi/12.2.1/thumb/v6-m/nofp\libc_nano.a(libc_a-sbrkr.o)
 .debug_frame   0x00000d30       0x20 c:/program files (x86)/arm gnu toolchain arm-none-eabi/12.2 rel1/bin/../lib/gcc/arm-none-eabi/12.2.1/thumb/v6-m/nofp\libc_nano.a(libc_a-memchr-stub.o)
 .debug_frame   0x00000d50       0x50 c:/program files (x86)/arm gnu toolchain arm-none-eabi/12.2 rel1/bin/../lib/gcc/arm-none-eabi/12.2.1/thumb/v6-m/nofp\libc_nano.a(libc_a-makebuf.o)
 .debug_frame   0x00000da0       0x2c c:/program files (x86)/arm gnu toolchain arm-none-eabi/12.2 rel1/bin/../lib/gcc/arm-none-eabi/12.2.1/thumb/v6-m/nofp\libc_nano.a(libc_a-fstatr.o)
 .debug_frame   0x00000dcc       0x2c c:/program files (x86)/arm gnu toolchain arm-none-eabi/12.2 rel1/bin/../lib/gcc/arm-none-eabi/12.2.1/thumb/v6-m/nofp\libc_nano.a(libc_a-isattyr.o)
 .debug_frame   0x00000df8      0x378 c:/program files (x86)/arm gnu toolchain arm-none-eabi/12.2 rel1/bin/../lib/gcc/arm-none-eabi/12.2.1/thumb/v6-m/nofp\librdimon_nano.a(rdimon-syscalls.o)
 .debug_frame   0x00001170       0x20 c:/program files (x86)/arm gnu toolchain arm-none-eabi/12.2 rel1/bin/../lib/gcc/arm-none-eabi/12.2.1/thumb/v6-m/nofp\libc_nano.a(libc_a-errno.o)

.debug_line_str
                0x00000000      0x1bc
 .debug_line_str
                0x00000000       0xc9 c:/program files (x86)/arm gnu toolchain arm-none-eabi/12.2 rel1/bin/../lib/gcc/arm-none-eabi/12.2.1/thumb/v6-m/nofp\libgcc.a(_udivsi3.o)
 .debug_line_str
                0x000000c9       0xc9 c:/program files (x86)/arm gnu toolchain arm-none-eabi/12.2 rel1/bin/../lib/gcc/arm-none-eabi/12.2.1/thumb/v6-m/nofp\libgcc.a(_dvmd_tls.o)
 .debug_line_str
                0x000000c9        0xc c:/program files (x86)/arm gnu toolchain arm-none-eabi/12.2 rel1/bin/../lib/gcc/arm-none-eabi/12.2.1/thumb/v6-m/nofp\libgcc.a(_arm_cmpsf2.o)
                                 0xc9 (size before relaxing)
 .debug_line_str
                0x000000d5       0xc9 c:/program files (x86)/arm gnu toolchain arm-none-eabi/12.2 rel1/bin/../lib/gcc/arm-none-eabi/12.2.1/thumb/v6-m/nofp\libgcc.a(_clzsi2.o)
 .debug_line_str
                0x000000d5       0xc9 c:/program files (x86)/arm gnu toolchain arm-none-eabi/12.2 rel1/bin/../lib/gcc/arm-none-eabi/12.2.1/thumb/v6-m/nofp\libgcc.a(_thumb1_case_shi.o)
 .debug_line_str
                0x000000d5       0xe7 c:/program files (x86)/arm gnu toolchain arm-none-eabi/12.2 rel1/bin/../lib/gcc/arm-none-eabi/12.2.1/thumb/v6-m/nofp\libc_nano.a(libc_a-strlen.o)
